// Jest Snapshot v1, https://goo.gl/fbAQLP

exports[`Storyshots Example/Button Default 1`] = `
<button
  style={null}
>
  My Button hehe
</button>
`;
